// Jest Snapshot v1, https://goo.gl/fbAQLP

exports[`The CustomListItem Component renders correctly 1`] = `
<DocumentFragment>
  <h6
    class="MuiTypography-root MuiTypography-h6"
  >
    User Details:
  </h6>
  <ul
    class="MuiList-root MuiList-dense MuiList-padding"
  >
    <li
      class="MuiListItem-root MuiListItem-dense MuiListItem-gutters"
    >
      <div
        class="MuiListItemAvatar-root"
      >
        <div
          class="MuiAvatar-root MuiAvatar-circle"
        >
          <img
            class="MuiAvatar-img"
            src="fakepath.png"
          />
        </div>
      </div>
    </li>
    <li
      class="MuiListItem-root MuiListItem-dense MuiListItem-gutters"
    >
      <div
        class="MuiListItemText-root MuiListItemText-dense MuiListItemText-multiline"
      >
        <span
          class="MuiTypography-root MuiListItemText-primary MuiTypography-body2"
        >
          Username: 
        </span>
        <p
          class="MuiTypography-root MuiListItemText-secondary MuiTypography-body2 MuiTypography-colorTextSecondary"
        >
          Woutertje
        </p>
      </div>
    </li>
    <li
      class="MuiListItem-root MuiListItem-dense MuiListItem-gutters"
    >
      <div
        class="MuiListItemText-root MuiListItemText-dense MuiListItemText-multiline"
      >
        <span
          class="MuiTypography-root MuiListItemText-primary MuiTypography-body2"
        >
          Name: 
        </span>
        <p
          class="MuiTypography-root MuiListItemText-secondary MuiTypography-body2 MuiTypography-colorTextSecondary"
        >
          Wouter
        </p>
      </div>
    </li>
    <li
      class="MuiListItem-root MuiListItem-dense MuiListItem-gutters"
    >
      <div
        class="MuiListItemText-root MuiListItemText-dense MuiListItemText-multiline"
      >
        <span
          class="MuiTypography-root MuiListItemText-primary MuiTypography-body2"
        >
          Profile: 
        </span>
        <p
          class="MuiTypography-root MuiListItemText-secondary MuiTypography-body2 MuiTypography-colorTextSecondary"
        >
          Wouter
        </p>
      </div>
    </li>
    <li
      class="MuiListItem-root MuiListItem-dense MuiListItem-gutters"
    >
      <a
        href="/fakepath"
      >
        <div
          class="MuiListItemText-root MuiListItemText-dense MuiListItemText-multiline"
        >
          <span
            class="MuiTypography-root MuiListItemText-primary MuiTypography-body2"
          >
            Github url: 
          </span>
          <p
            class="MuiTypography-root MuiListItemText-secondary MuiTypography-body2 MuiTypography-colorTextSecondary"
          >
            /fakepath
          </p>
        </div>
      </a>
    </li>
    <li
      class="MuiListItem-root MuiListItem-dense MuiListItem-gutters"
    >
      <a
        href="/fakepath/repos"
      >
        <div
          class="MuiListItemText-root MuiListItemText-dense MuiListItemText-multiline"
        >
          <span
            class="MuiTypography-root MuiListItemText-primary MuiTypography-body2"
          >
            Repos url: 
          </span>
          <p
            class="MuiTypography-root MuiListItemText-secondary MuiTypography-body2 MuiTypography-colorTextSecondary"
          >
            /fakepath/repos
          </p>
        </div>
      </a>
    </li>
    <li
      class="MuiListItem-root MuiListItem-dense MuiListItem-gutters"
    >
      <div
        class="MuiListItemText-root MuiListItemText-dense MuiListItemText-multiline"
      >
        <span
          class="MuiTypography-root MuiListItemText-primary MuiTypography-body2"
        >
          Followers: 
        </span>
        <p
          class="MuiTypography-root MuiListItemText-secondary MuiTypography-body2 MuiTypography-colorTextSecondary"
        >
          19
        </p>
      </div>
    </li>
    <li
      class="MuiListItem-root MuiListItem-dense MuiListItem-gutters"
    >
      <div
        class="MuiListItemText-root MuiListItemText-dense MuiListItemText-multiline"
      >
        <span
          class="MuiTypography-root MuiListItemText-primary MuiTypography-body2"
        >
          Following: 
        </span>
        <p
          class="MuiTypography-root MuiListItemText-secondary MuiTypography-body2 MuiTypography-colorTextSecondary"
        >
          10
        </p>
      </div>
    </li>
    <li
      class="MuiListItem-root MuiListItem-dense MuiListItem-gutters"
    >
      <a
        href="/"
      >
        back
      </a>
    </li>
  </ul>
</DocumentFragment>
`;
